// Jest Snapshot v1, https://goo.gl/fbAQLP

exports[`Guess Should match the snapshot 1`] = `undefined`;
