// Jest Snapshot v1, https://goo.gl/fbAQLP

exports[`Main Should match the snapshot 1`] = `
<main>
  <Switch>
    <Route
      exact={true}
      path="/"
      render={[Function]}
    />
    <Route
      path="/play"
      render={[Function]}
    />
    <Route
      path="/mycards"
      render={[Function]}
    />
    <Route
      path="/stats"
      render={[Function]}
    />
    <Route
      path="/links"
      render={[Function]}
    />
  </Switch>
</main>
`;
