// Jest Snapshot v1, https://goo.gl/fbAQLP

exports[`MyCardList Should match the snapshot 1`] = `<Fragment />`;
